3083.000000
2878.000000
2845.000000
2713.000000
3053.000000
2613.000000
3301.000000
3681.000000
4109.000000
2861.000000
3570.000000
